// Jest Snapshot v1, https://goo.gl/fbAQLP

exports[`Credit Lock page matches snapshot 1`] = `
<DocumentFragment>
  <div>
    Loading
  </div>
</DocumentFragment>
`;
